Исходящий № - от - (Письмо)
Исходящий ${date3}
Статус: Не согласовано