Согласование
Автор:
Луков В. А.
Дата:
${date} ${ignore}
Комментарий:
Test comment
Найдено: 2
Колонки
Согласующие
Согласующий Срок Завершено Статус
Захаров Н. В. ${datePlus3d} 00:00 ${date} ${ignore} Согласовано с замечаниями
Гарина В. М. ${datePlus3d} 00:00 ${date} ${ignore} Согласовано
Редактировать